4-print_square module tests
==========================
`print_square` function tests
--------------------------

>>> print_square = __import__('4-print_square').print_square

>>> print_square()
Traceback (most recent call last):
TypeError: print_square() missing 1 required positional argument: 'size'

>>> print_square(None)
Traceback (most recent call last):
TypeError: size must be an integer

>>> print_square(1e10000)
Traceback (most recent call last):
TypeError: size must be an integer

>>> print_square("3")
Traceback (most recent call last):
TypeError: size must be an integer

>>> print_square(0)

>>> print_square(1)
#

>>> print_square(int(float('NaN')))
Traceback (most recent call last):
ValueError: cannot convert float NaN to integer

>>> print_square(-23)
Traceback (most recent call last):
ValueError: size must be >= 0

>>> print_square(-23.4)
Traceback (most recent call last):
TypeError: size must be an integer
